/root/scrub/test/integration_tests/java_testcase/src/testcases/CWE835_Infinite_Loop/CWE835_Infinite_Loop__do_01.java:16
  Checker: FB.DLS_DEAD_LOCAL_STORE

/root/scrub/test/integration_tests/java_testcase/src/testcases/CWE835_Infinite_Loop/CWE835_Infinite_Loop__do_01.java:16:
  1. defect: Dead store to j.

/root/scrub/test/integration_tests/java_testcase/src/testcasesupport/AbstractTestCaseClassIssue.java:22
  Checker: FB.UWF_UNWRITTEN_PUBLIC_OR_PROTECTED_FIELD

/root/scrub/test/integration_tests/java_testcase/src/testcasesupport/AbstractTestCaseClassIssue.java:22:
  1. defect: Unwritten public or protected field: testcasesupport.AbstractTestCaseClassIssue.good1Object.

/root/scrub/test/integration_tests/java_testcase/src/testcasesupport/AbstractTestCaseClassIssue.java:44
  Checker: FB.UWF_UNWRITTEN_PUBLIC_OR_PROTECTED_FIELD

/root/scrub/test/integration_tests/java_testcase/src/testcasesupport/AbstractTestCaseClassIssue.java:44:
  1. defect: Unwritten public or protected field: testcasesupport.AbstractTestCaseClassIssue.badObject.

/root/scrub/test/integration_tests/java_testcase/src/testcasesupport/IO.java:100
  Checker: FB.DMI_RANDOM_USED_ONLY_ONCE

/root/scrub/test/integration_tests/java_testcase/src/testcasesupport/IO.java:100:
  1. defect: Random object created and used only once.

