/opt/project/test/integration_tests/java_testcase/src/testcases/CWE835_Infinite_Loop/CWE835_Infinite_Loop__do_01.java:16
  Type: DLS: Dead local store (FB.DLS_DEAD_LOCAL_STORE)

/opt/project/test/integration_tests/java_testcase/src/testcases/CWE835_Infinite_Loop/CWE835_Infinite_Loop__do_01.java:16:
  1. defect: Dead store to j.

/opt/project/test/integration_tests/java_testcase/src/testcasesupport/AbstractTestCaseClassIssue.java:22
  Type: UwF: Unwritten field (FB.UWF_UNWRITTEN_PUBLIC_OR_PROTECTED_FIELD)

/opt/project/test/integration_tests/java_testcase/src/testcasesupport/AbstractTestCaseClassIssue.java:22:
  1. defect: Unwritten public or protected field: testcasesupport.AbstractTestCaseClassIssue.good1Object.

/opt/project/test/integration_tests/java_testcase/src/testcasesupport/AbstractTestCaseClassIssue.java:44
  Type: UwF: Unwritten field (FB.UWF_UNWRITTEN_PUBLIC_OR_PROTECTED_FIELD)

/opt/project/test/integration_tests/java_testcase/src/testcasesupport/AbstractTestCaseClassIssue.java:44:
  1. defect: Unwritten public or protected field: testcasesupport.AbstractTestCaseClassIssue.badObject.

/opt/project/test/integration_tests/java_testcase/src/testcasesupport/IO.java:100
  Type: DMI: Dubious method invocation (FB.DMI_RANDOM_USED_ONLY_ONCE)

/opt/project/test/integration_tests/java_testcase/src/testcasesupport/IO.java:100:
  1. defect: Random object created and used only once.

